Archive member included to satisfy reference by file (symbol)

/usr/local/gcc-arm-none-eabi/lib/gcc/arm-none-eabi/5.3.1/armv6-m/libgcc.a(_divsi3.o)
                              serial.o (__aeabi_idiv)
/usr/local/gcc-arm-none-eabi/lib/gcc/arm-none-eabi/5.3.1/armv6-m/libgcc.a(_dvmd_tls.o)
                              /usr/local/gcc-arm-none-eabi/lib/gcc/arm-none-eabi/5.3.1/armv6-m/libgcc.a(_divsi3.o) (__aeabi_idiv0)

Allocating common symbols
Common symbol       size              file

ComError            0x4               serial.o
ComRXBuffer         0x4c              serial.o
ComTXBuffer         0x4c              serial.o
ComOpen             0x4               serial.o
ComBusy             0x4               serial.o

Memory Configuration

Name             Origin             Length             Attributes
flash            0x08000000         0x00004000
ram              0x20000000         0x00000800
*default*        0x00000000         0xffffffff

Linker script and memory map

LOAD init.o
LOAD serial.o
LOAD main.o
LOAD /usr/local/gcc-arm-none-eabi/lib/gcc/arm-none-eabi/5.3.1/armv6-m/libgcc.a
                0x08000000                . = ORIGIN (flash)

.text           0x08000000      0xd3c
 *(.vectors)
 .vectors       0x08000000       0xb8 init.o
                0x08000000                Vectors
 *(.text)
 .text          0x080000b8       0x7c init.o
                0x080000b8                init
                0x0800012c                Default_Handler
 .text          0x08000134      0x5d8 serial.o
                0x08000134                ReadCom
                0x080001a8                WriteCom
                0x08000244                initUART
                0x080003e0                isr_usart2
                0x0800040c                usart_rx
                0x0800043c                usart_tx
                0x080004b4                drain
                0x080004d0                PutBuf
                0x08000530                GetBuf
                0x08000584                GetBufCount
                0x08000598                eputs
                0x080005d4                egets
                0x08000664                HexDigit
                0x08000694                printHex
                0x080006f4                bytesAvailable
 .text          0x0800070c      0x458 main.o
                0x0800070c                delay
                0x08000728                initClockHSI16
                0x08000770                configPins
                0x080007a8                RTCISR
                0x080007d8                initRTC
                0x0800090c                initADC
                0x0800098c                haltADC
                0x080009d8                resumeADC
                0x08000a48                readADC
                0x08000a78                testADC
                0x08000aa8                low_power_mode
                0x08000af8                resume_from_low_power
                0x08000b2c                main
 .text          0x08000b64      0x1d4 /usr/local/gcc-arm-none-eabi/lib/gcc/arm-none-eabi/5.3.1/armv6-m/libgcc.a(_divsi3.o)
                0x08000b64                __aeabi_idiv
                0x08000b64                __divsi3
                0x08000d30                __aeabi_idivmod
 .text          0x08000d38        0x4 /usr/local/gcc-arm-none-eabi/lib/gcc/arm-none-eabi/5.3.1/armv6-m/libgcc.a(_dvmd_tls.o)
                0x08000d38                __aeabi_ldiv0
                0x08000d38                __aeabi_idiv0

.glue_7         0x08000d3c        0x0
 .glue_7        0x08000d3c        0x0 linker stubs

.glue_7t        0x08000d3c        0x0
 .glue_7t       0x08000d3c        0x0 linker stubs

.vfp11_veneer   0x08000d3c        0x0
 .vfp11_veneer  0x08000d3c        0x0 linker stubs

.v4_bx          0x08000d3c        0x0
 .v4_bx         0x08000d3c        0x0 linker stubs

.iplt           0x08000d3c        0x0
 .iplt          0x08000d3c        0x0 init.o

.rel.dyn        0x08000d3c        0x0
 .rel.iplt      0x08000d3c        0x0 init.o

.rodata         0x08000d3c        0xb
 .rodata        0x08000d3c        0xb main.o
                0x20000000                . = ORIGIN (ram)

.data           0x20000000        0x0 load address 0x08000d47
                0x08000d47                INIT_DATA_VALUES = LOADADDR (.data)
                0x20000000                INIT_DATA_START = .
 *(.data)
 .data          0x20000000        0x0 init.o
 .data          0x20000000        0x0 serial.o
 .data          0x20000000        0x0 main.o
 .data          0x20000000        0x0 /usr/local/gcc-arm-none-eabi/lib/gcc/arm-none-eabi/5.3.1/armv6-m/libgcc.a(_divsi3.o)
 .data          0x20000000        0x0 /usr/local/gcc-arm-none-eabi/lib/gcc/arm-none-eabi/5.3.1/armv6-m/libgcc.a(_dvmd_tls.o)
                0x20000000                INIT_DATA_END = .
                0x20000000                BSS_START = .

.igot.plt       0x20000000        0x0 load address 0x08000d47
 .igot.plt      0x20000000        0x0 init.o

.bss            0x20000000       0xa4 load address 0x08000d47
 *(.bss)
 .bss           0x20000000        0x0 init.o
 .bss           0x20000000        0x0 serial.o
 .bss           0x20000000        0x0 main.o
 .bss           0x20000000        0x0 /usr/local/gcc-arm-none-eabi/lib/gcc/arm-none-eabi/5.3.1/armv6-m/libgcc.a(_divsi3.o)
 .bss           0x20000000        0x0 /usr/local/gcc-arm-none-eabi/lib/gcc/arm-none-eabi/5.3.1/armv6-m/libgcc.a(_dvmd_tls.o)
 COMMON         0x20000000       0xa4 serial.o
                0x20000000                ComError
                0x20000004                ComRXBuffer
                0x20000050                ComTXBuffer
                0x2000009c                ComOpen
                0x200000a0                ComBusy
                0x200000a4                BSS_END = .
OUTPUT(main.elf elf32-littlearm)

.debug_info     0x00000000      0x667
 .debug_info    0x00000000       0xf1 init.o
 .debug_info    0x000000f1      0x3ed serial.o
 .debug_info    0x000004de      0x189 main.o

.debug_abbrev   0x00000000      0x303
 .debug_abbrev  0x00000000       0xb1 init.o
 .debug_abbrev  0x000000b1      0x16f serial.o
 .debug_abbrev  0x00000220       0xe3 main.o

.debug_aranges  0x00000000       0x60
 .debug_aranges
                0x00000000       0x20 init.o
 .debug_aranges
                0x00000020       0x20 serial.o
 .debug_aranges
                0x00000040       0x20 main.o

.debug_line     0x00000000      0x37b
 .debug_line    0x00000000       0x4a init.o
 .debug_line    0x0000004a      0x1ae serial.o
 .debug_line    0x000001f8      0x183 main.o

.debug_str      0x00000000      0x31f
 .debug_str     0x00000000      0x12a init.o
                                0x137 (size before relaxing)
 .debug_str     0x0000012a      0x163 serial.o
                                0x27c (size before relaxing)
 .debug_str     0x0000028d       0x92 main.o
                                0x1d3 (size before relaxing)

.comment        0x00000000       0x6e
 .comment       0x00000000       0x6e init.o
                                 0x6f (size before relaxing)
 .comment       0x0000006e       0x6f serial.o
 .comment       0x0000006e       0x6f main.o

.ARM.attributes
                0x00000000       0x32
 .ARM.attributes
                0x00000000       0x32 init.o
 .ARM.attributes
                0x00000032       0x32 serial.o
 .ARM.attributes
                0x00000064       0x32 main.o
 .ARM.attributes
                0x00000096       0x1e /usr/local/gcc-arm-none-eabi/lib/gcc/arm-none-eabi/5.3.1/armv6-m/libgcc.a(_divsi3.o)
 .ARM.attributes
                0x000000b4       0x1e /usr/local/gcc-arm-none-eabi/lib/gcc/arm-none-eabi/5.3.1/armv6-m/libgcc.a(_dvmd_tls.o)

.debug_frame    0x00000000      0x3d0
 .debug_frame   0x00000000       0x4c init.o
 .debug_frame   0x0000004c      0x1e0 serial.o
 .debug_frame   0x0000022c      0x184 main.o
 .debug_frame   0x000003b0       0x20 /usr/local/gcc-arm-none-eabi/lib/gcc/arm-none-eabi/5.3.1/armv6-m/libgcc.a(_divsi3.o)

Cross Reference Table

Symbol                                            File
BSS_END                                           init.o
BSS_START                                         init.o
ComBusy                                           serial.o
ComError                                          serial.o
ComOpen                                           serial.o
ComRXBuffer                                       serial.o
ComTXBuffer                                       serial.o
Default_Handler                                   init.o
GetBuf                                            serial.o
GetBufCount                                       serial.o
HexDigit                                          serial.o
INIT_DATA_END                                     init.o
INIT_DATA_START                                   init.o
INIT_DATA_VALUES                                  init.o
PutBuf                                            serial.o
RTCISR                                            main.o
                                                  init.o
ReadCom                                           serial.o
Vectors                                           init.o
WriteCom                                          serial.o
__aeabi_idiv                                      /usr/local/gcc-arm-none-eabi/lib/gcc/arm-none-eabi/5.3.1/armv6-m/libgcc.a(_divsi3.o)
                                                  serial.o
__aeabi_idiv0                                     /usr/local/gcc-arm-none-eabi/lib/gcc/arm-none-eabi/5.3.1/armv6-m/libgcc.a(_dvmd_tls.o)
                                                  /usr/local/gcc-arm-none-eabi/lib/gcc/arm-none-eabi/5.3.1/armv6-m/libgcc.a(_divsi3.o)
__aeabi_idivmod                                   /usr/local/gcc-arm-none-eabi/lib/gcc/arm-none-eabi/5.3.1/armv6-m/libgcc.a(_divsi3.o)
__aeabi_ldiv0                                     /usr/local/gcc-arm-none-eabi/lib/gcc/arm-none-eabi/5.3.1/armv6-m/libgcc.a(_dvmd_tls.o)
__divsi3                                          /usr/local/gcc-arm-none-eabi/lib/gcc/arm-none-eabi/5.3.1/armv6-m/libgcc.a(_divsi3.o)
bytesAvailable                                    serial.o
configPins                                        main.o
delay                                             main.o
drain                                             serial.o
                                                  main.o
egets                                             serial.o
eputs                                             serial.o
                                                  main.o
haltADC                                           main.o
init                                              init.o
initADC                                           main.o
initClockHSI16                                    main.o
initRTC                                           main.o
initUART                                          serial.o
                                                  main.o
isr_usart2                                        serial.o
                                                  init.o
low_power_mode                                    main.o
main                                              main.o
                                                  init.o
printHex                                          serial.o
                                                  main.o
readADC                                           main.o
resumeADC                                         main.o
resume_from_low_power                             main.o
testADC                                           main.o
usart_rx                                          serial.o
usart_tx                                          serial.o
